// Jest Snapshot v1, https://goo.gl/fbAQLP

exports[`Switch should match snapshot 1`] = `
<scale-switch>
  <mock:shadow-root>
    <style>
      .switch-0-0-4 {
  width: 32px;
  border: 1px solid #000;
  cursor: pointer;
  height: 20px;
  margin: 0;
  display: inline-flex;
  padding: 0 6px;
  position: relative;
  transition: all 0.2s ease-in-out;
  align-items: center;
  border-radius: 10px;
  justify-content: flex-end;
  background-color: #fff;
}
.switch-0-0-4:after {
  top: 2px;
  left: 1px;
  width: 16px;
  height: 16px;
  content: "";
  position: absolute;
  border-radius: 100%;
  background-color: #000;
}
.switch-0-0-4 .switch--off {
  color: #000;
  display: inline-flex;
  align-items: center;
}
.switch--active-0-0-5 {
  border-color: #409eff;
  justify-content: flex-start;
  background-color: #409eff;
}
.switch--active-0-0-5:after {
  left: auto;
  right: 1px;
  background-color: #fff;
}
.switch--active-0-0-5 .switch--on {
  color: #fff;
  display: inline-flex;
  align-items: center;
}
.switch--active-0-0-5 scale-icon {
  --icon-color: #fff;
}
.switch--disabled-0-0-6 {
  cursor: not-allowed;
  opacity: 0.5;
}
    </style>
    <div class="switch-0-0-4"></div>
  </mock:shadow-root>
</scale-switch>
`;
